// Jest Snapshot v1, https://goo.gl/fbAQLP

exports[`generalDataForm component loads initial values on component mount 1`] = `
<div>
  <div id="generalDataForm_content">
    <b-field-stub label="Colección" addons="true" customclass="is-small is-centered" id="colection_select_field"><input id="colection_select" disabled="disabled" class="input"></b-field-stub>
    <b-field-stub addons="true" customclass="is-small is-centered" id="catalogue_select_field"><template></template>
      <div class="select"><select id="catalogue_select" placeholder="Selecciona un catálogo"></select></div>
      <!---->
    </b-field-stub>
    <b-field-stub addons="true" customclass="is-small is-centered" id="project_select_field"><template></template>
      <div class="select"><select id="project_select" placeholder="Selecciona un proyecto"></select></div>
    </b-field-stub>
    <b-field-stub addons="true" customclass="is-small is-centered" id="collector_select_field" class="autocomplete_box_field"><template></template> <input id="collector_select" placeholder="Selecciona un colector" disabled="disabled" class="input">
      <!---->
    </b-field-stub>
    <!---->
    <b-field-stub addons="true" customclass="is-small is-centered" id="device_select_field" class="autocomplete_box_field"><template></template> <input id="device_select" placeholder="Selecciona un dispositivo" class="input">
      <!---->
    </b-field-stub>
    <!---->
    <b-field-stub addons="true" customclass="is-small is-centered" id="model_select_field" class="autocomplete_box_field"><template></template> <input id="model_select" placeholder="Selecciona un modelo" class="input">
      <!---->
    </b-field-stub>
    <!---->
    <b-field-stub addons="true" customclass="is-small is-centered" id="collect-date-select"><template></template>
      <b-datepicker-stub rounded="true" icon="calendar-today" usehtml5validation="true" daynames="Su,M,Tu,W,Th,F,S" monthnames="January,February,March,April,May,June,July,August,September,October,November,December" firstdayofweek="0" maxdate="Mon Apr 06 2020 15:27:53 GMT-0500 (GMT-05:00)" placeholder="Elige una fecha..." dateformatter="function _default(date, vm) {
        if (typeof __chunk_2.config.defaultDateFormatter === 'function') {
          return __chunk_2.config.defaultDateFormatter(date);
        } else {
          return defaultDateFormatter(date, vm);
        }
      }" dateparser="function _default(date, vm) {
        if (typeof __chunk_2.config.defaultDateParser === 'function') {
          return __chunk_2.config.defaultDateParser(date);
        } else {
          return defaultDateParser(date, vm);
        }
      }" datecreator="function _default() {
        if (typeof __chunk_2.config.defaultDateCreator === 'function') {
          return __chunk_2.config.defaultDateCreator();
        } else {
          return new Date();
        }
      }" mobilenative="true" indicators="dots" iconprev="chevron-left" iconnext="chevron-right" yearsrange="-100,3" nearbymonthdays="true" rulesforfirstweek="4" closeonclick="true" mobilemodal="true" focusable="true"></b-datepicker-stub>
    </b-field-stub>
    <!---->
    <b-field-stub addons="true" customclass="is-small is-centered" id="collect-hour-select"><template></template>
      <b-timepicker-stub rounded="true" icon="clock" usehtml5validation="true" placeholder="Elige una hora..." editable="true" hourformat="24" incrementhours="1" incrementminutes="1" incrementseconds="1" timeformatter="function _default(date, vm) {
        if (typeof __chunk_2.config.defaultTimeFormatter === 'function') {
          return __chunk_2.config.defaultTimeFormatter(date);
        } else {
          return defaultTimeFormatter(date, vm);
        }
      }" timeparser="function _default(date, vm) {
        if (typeof __chunk_2.config.defaultTimeParser === 'function') {
          return __chunk_2.config.defaultTimeParser(date);
        } else {
          return defaultTimeParser(date, vm);
        }
      }" mobilenative="true" timecreator="function _default() {
        if (typeof __chunk_2.config.defaultTimeCreator === 'function') {
          return __chunk_2.config.defaultTimeCreator();
        } else {
          return new Date();
        }
      }" focusable="true"></b-timepicker-stub>
    </b-field-stub>
  </div>
</div>
`;
